.next/types/app/activities/page.ts(2,24): error TS2307: Cannot find module '../../../../app/activities/page.js' or its corresponding type declarations.
.next/types/app/activities/page.ts(5,29): error TS2307: Cannot find module '../../../../app/activities/page.js' or its corresponding type declarations.
app/properties/page.tsx(130,37): error TS2339: Property 'narrowSearch' does not exist on type '{ appName: string; login: string; signup: string; logout: string; about: string; terms: string; privacy: string; contact: string; copyright: string; properties: string; lenders: string; contractors: string; ... 673 more ...; messageSent: string; } | { ...; }'.
  Property 'narrowSearch' does not exist on type '{ appName: string; login: string; signup: string; logout: string; about: string; terms: string; privacy: string; contact: string; copyright: string; properties: string; lenders: string; contractors: string; ... 673 more ...; messageSent: string; }'.
components/organisms/activities/activity-feed.tsx(104,18): error TS2339: Property 'completed' does not exist on type '{ appName: string; login: string; signup: string; logout: string; about: string; terms: string; privacy: string; contact: string; copyright: string; properties: string; lenders: string; contractors: string; ... 673 more ...; messageSent: string; } | { ...; }'.
  Property 'completed' does not exist on type '{ appName: string; login: string; signup: string; logout: string; about: string; terms: string; privacy: string; contact: string; copyright: string; properties: string; lenders: string; contractors: string; ... 673 more ...; messageSent: string; }'.
components/organisms/activities/activity-feed.tsx(106,18): error TS2551: Property 'pending' does not exist on type '{ appName: string; login: string; signup: string; logout: string; about: string; terms: string; privacy: string; contact: string; copyright: string; properties: string; lenders: string; contractors: string; ... 673 more ...; messageSent: string; } | { ...; }'. Did you mean 'sending'?
  Property 'pending' does not exist on type '{ appName: string; login: string; signup: string; logout: string; about: string; terms: string; privacy: string; contact: string; copyright: string; properties: string; lenders: string; contractors: string; ... 673 more ...; messageSent: string; }'.
components/organisms/activities/activity-feed.tsx(108,18): error TS2339: Property 'failed' does not exist on type '{ appName: string; login: string; signup: string; logout: string; about: string; terms: string; privacy: string; contact: string; copyright: string; properties: string; lenders: string; contractors: string; ... 673 more ...; messageSent: string; } | { ...; }'.
  Property 'failed' does not exist on type '{ appName: string; login: string; signup: string; logout: string; about: string; terms: string; privacy: string; contact: string; copyright: string; properties: string; lenders: string; contractors: string; ... 673 more ...; messageSent: string; }'.
components/organisms/activities/activity-filters.tsx(25,50): error TS2339: Property 'dateRange' does not exist on type '{ appName: string; login: string; signup: string; logout: string; about: string; terms: string; privacy: string; contact: string; copyright: string; properties: string; lenders: string; contractors: string; ... 673 more ...; messageSent: string; } | { ...; }'.
  Property 'dateRange' does not exist on type '{ appName: string; login: string; signup: string; logout: string; about: string; terms: string; privacy: string; contact: string; copyright: string; properties: string; lenders: string; contractors: string; ... 673 more ...; messageSent: string; }'.
components/organisms/activities/activity-filters.tsx(52,48): error TS2551: Property 'activityTypes' does not exist on type '{ appName: string; login: string; signup: string; logout: string; about: string; terms: string; privacy: string; contact: string; copyright: string; properties: string; lenders: string; contractors: string; ... 673 more ...; messageSent: string; } | { ...; }'. Did you mean 'activities'?
  Property 'activityTypes' does not exist on type '{ appName: string; login: string; signup: string; logout: string; about: string; terms: string; privacy: string; contact: string; copyright: string; properties: string; lenders: string; contractors: string; ... 673 more ...; messageSent: string; }'.
components/organisms/activities/activity-filters.tsx(86,48): error TS2339: Property 'status' does not exist on type '{ appName: string; login: string; signup: string; logout: string; about: string; terms: string; privacy: string; contact: string; copyright: string; properties: string; lenders: string; contractors: string; ... 673 more ...; messageSent: string; } | { ...; }'.
  Property 'status' does not exist on type '{ appName: string; login: string; signup: string; logout: string; about: string; terms: string; privacy: string; contact: string; copyright: string; properties: string; lenders: string; contractors: string; ... 673 more ...; messageSent: string; }'.
components/organisms/activities/activity-filters.tsx(91,50): error TS2339: Property 'completed' does not exist on type '{ appName: string; login: string; signup: string; logout: string; about: string; terms: string; privacy: string; contact: string; copyright: string; properties: string; lenders: string; contractors: string; ... 673 more ...; messageSent: string; } | { ...; }'.
  Property 'completed' does not exist on type '{ appName: string; login: string; signup: string; logout: string; about: string; terms: string; privacy: string; contact: string; copyright: string; properties: string; lenders: string; contractors: string; ... 673 more ...; messageSent: string; }'.
components/organisms/activities/activity-filters.tsx(95,48): error TS2551: Property 'pending' does not exist on type '{ appName: string; login: string; signup: string; logout: string; about: string; terms: string; privacy: string; contact: string; copyright: string; properties: string; lenders: string; contractors: string; ... 673 more ...; messageSent: string; } | { ...; }'. Did you mean 'sending'?
  Property 'pending' does not exist on type '{ appName: string; login: string; signup: string; logout: string; about: string; terms: string; privacy: string; contact: string; copyright: string; properties: string; lenders: string; contractors: string; ... 673 more ...; messageSent: string; }'.
components/organisms/activities/activity-filters.tsx(99,47): error TS2339: Property 'failed' does not exist on type '{ appName: string; login: string; signup: string; logout: string; about: string; terms: string; privacy: string; contact: string; copyright: string; properties: string; lenders: string; contractors: string; ... 673 more ...; messageSent: string; } | { ...; }'.
  Property 'failed' does not exist on type '{ appName: string; login: string; signup: string; logout: string; about: string; terms: string; privacy: string; contact: string; copyright: string; properties: string; lenders: string; contractors: string; ... 673 more ...; messageSent: string; }'.
components/organisms/activities/activity-filters.tsx(106,12): error TS2339: Property 'resetFilters' does not exist on type '{ appName: string; login: string; signup: string; logout: string; about: string; terms: string; privacy: string; contact: string; copyright: string; properties: string; lenders: string; contractors: string; ... 673 more ...; messageSent: string; } | { ...; }'.
  Property 'resetFilters' does not exist on type '{ appName: string; login: string; signup: string; logout: string; about: string; terms: string; privacy: string; contact: string; copyright: string; properties: string; lenders: string; contractors: string; ... 673 more ...; messageSent: string; }'.
components/organisms/Header.tsx(71,44): error TS2339: Property 'avatarUrl' does not exist on type 'User'.
components/organisms/settings/account-security-form.tsx(61,14): error TS2551: Property 'manageYourAccountSecurity' does not exist on type '{ appName: string; login: string; signup: string; logout: string; about: string; terms: string; privacy: string; contact: string; copyright: string; properties: string; lenders: string; contractors: string; ... 673 more ...; messageSent: string; } | { ...; }'. Did you mean 'manageYourAccountSettings'?
  Property 'manageYourAccountSecurity' does not exist on type '{ appName: string; login: string; signup: string; logout: string; about: string; terms: string; privacy: string; contact: string; copyright: string; properties: string; lenders: string; contractors: string; ... 673 more ...; messageSent: string; }'.
components/organisms/settings/account-security-form.tsx(69,55): error TS2339: Property 'changePassword' does not exist on type '{ appName: string; login: string; signup: string; logout: string; about: string; terms: string; privacy: string; contact: string; copyright: string; properties: string; lenders: string; contractors: string; ... 673 more ...; messageSent: string; } | { ...; }'.
  Property 'changePassword' does not exist on type '{ appName: string; login: string; signup: string; logout: string; about: string; terms: string; privacy: string; contact: string; copyright: string; properties: string; lenders: string; contractors: string; ... 673 more ...; messageSent: string; }'.
components/organisms/settings/account-security-form.tsx(72,51): error TS2339: Property 'currentPassword' does not exist on type '{ appName: string; login: string; signup: string; logout: string; about: string; terms: string; privacy: string; contact: string; copyright: string; properties: string; lenders: string; contractors: string; ... 673 more ...; messageSent: string; } | { ...; }'.
  Property 'currentPassword' does not exist on type '{ appName: string; login: string; signup: string; logout: string; about: string; terms: string; privacy: string; contact: string; copyright: string; properties: string; lenders: string; contractors: string; ... 673 more ...; messageSent: string; }'.
components/organisms/settings/account-security-form.tsx(84,47): error TS2551: Property 'newPassword' does not exist on type '{ appName: string; login: string; signup: string; logout: string; about: string; terms: string; privacy: string; contact: string; copyright: string; properties: string; lenders: string; contractors: string; ... 673 more ...; messageSent: string; } | { ...; }'. Did you mean 'password'?
  Property 'newPassword' does not exist on type '{ appName: string; login: string; signup: string; logout: string; about: string; terms: string; privacy: string; contact: string; copyright: string; properties: string; lenders: string; contractors: string; ... 673 more ...; messageSent: string; }'.
components/organisms/settings/account-security-form.tsx(96,51): error TS2339: Property 'confirmPassword' does not exist on type '{ appName: string; login: string; signup: string; logout: string; about: string; terms: string; privacy: string; contact: string; copyright: string; properties: string; lenders: string; contractors: string; ... 673 more ...; messageSent: string; } | { ...; }'.
  Property 'confirmPassword' does not exist on type '{ appName: string; login: string; signup: string; logout: string; about: string; terms: string; privacy: string; contact: string; copyright: string; properties: string; lenders: string; contractors: string; ... 673 more ...; messageSent: string; }'.
components/organisms/settings/account-security-form.tsx(109,32): error TS2339: Property 'updating' does not exist on type '{ appName: string; login: string; signup: string; logout: string; about: string; terms: string; privacy: string; contact: string; copyright: string; properties: string; lenders: string; contractors: string; ... 673 more ...; messageSent: string; } | { ...; }'.
  Property 'updating' does not exist on type '{ appName: string; login: string; signup: string; logout: string; about: string; terms: string; privacy: string; contact: string; copyright: string; properties: string; lenders: string; contractors: string; ... 673 more ...; messageSent: string; }'.
components/organisms/settings/account-security-form.tsx(109,62): error TS2339: Property 'updatePassword' does not exist on type '{ appName: string; login: string; signup: string; logout: string; about: string; terms: string; privacy: string; contact: string; copyright: string; properties: string; lenders: string; contractors: string; ... 673 more ...; messageSent: string; } | { ...; }'.
  Property 'updatePassword' does not exist on type '{ appName: string; login: string; signup: string; logout: string; about: string; terms: string; privacy: string; contact: string; copyright: string; properties: string; lenders: string; contractors: string; ... 673 more ...; messageSent: string; }'.
components/organisms/settings/account-security-form.tsx(118,55): error TS2339: Property 'twoFactorAuth' does not exist on type '{ appName: string; login: string; signup: string; logout: string; about: string; terms: string; privacy: string; contact: string; copyright: string; properties: string; lenders: string; contractors: string; ... 673 more ...; messageSent: string; } | { ...; }'.
  Property 'twoFactorAuth' does not exist on type '{ appName: string; login: string; signup: string; logout: string; about: string; terms: string; privacy: string; contact: string; copyright: string; properties: string; lenders: string; contractors: string; ... 673 more ...; messageSent: string; }'.
components/organisms/settings/account-security-form.tsx(121,47): error TS2339: Property 'twoFactorAuth' does not exist on type '{ appName: string; login: string; signup: string; logout: string; about: string; terms: string; privacy: string; contact: string; copyright: string; properties: string; lenders: string; contractors: string; ... 673 more ...; messageSent: string; } | { ...; }'.
  Property 'twoFactorAuth' does not exist on type '{ appName: string; login: string; signup: string; logout: string; about: string; terms: string; privacy: string; contact: string; copyright: string; properties: string; lenders: string; contractors: string; ... 673 more ...; messageSent: string; }'.
components/organisms/settings/account-security-form.tsx(123,20): error TS2339: Property 'twoFactorDescription' does not exist on type '{ appName: string; login: string; signup: string; logout: string; about: string; terms: string; privacy: string; contact: string; copyright: string; properties: string; lenders: string; contractors: string; ... 673 more ...; messageSent: string; } | { ...; }'.
  Property 'twoFactorDescription' does not exist on type '{ appName: string; login: string; signup: string; logout: string; about: string; terms: string; privacy: string; contact: string; copyright: string; properties: string; lenders: string; contractors: string; ... 673 more ...; messageSent: string; }'.
components/organisms/settings/account-security-form.tsx(129,29): error TS2339: Property 'twoFactorAuth' does not exist on type '{ appName: string; login: string; signup: string; logout: string; about: string; terms: string; privacy: string; contact: string; copyright: string; properties: string; lenders: string; contractors: string; ... 673 more ...; messageSent: string; } | { ...; }'.
  Property 'twoFactorAuth' does not exist on type '{ appName: string; login: string; signup: string; logout: string; about: string; terms: string; privacy: string; contact: string; copyright: string; properties: string; lenders: string; contractors: string; ... 673 more ...; messageSent: string; }'.
components/organisms/settings/account-security-form.tsx(137,55): error TS2339: Property 'sessions' does not exist on type '{ appName: string; login: string; signup: string; logout: string; about: string; terms: string; privacy: string; contact: string; copyright: string; properties: string; lenders: string; contractors: string; ... 673 more ...; messageSent: string; } | { ...; }'.
  Property 'sessions' does not exist on type '{ appName: string; login: string; signup: string; logout: string; about: string; terms: string; privacy: string; contact: string; copyright: string; properties: string; lenders: string; contractors: string; ... 673 more ...; messageSent: string; }'.
components/organisms/settings/account-security-form.tsx(140,28): error TS2339: Property 'currentSession' does not exist on type '{ appName: string; login: string; signup: string; logout: string; about: string; terms: string; privacy: string; contact: string; copyright: string; properties: string; lenders: string; contractors: string; ... 673 more ...; messageSent: string; } | { ...; }'.
  Property 'currentSession' does not exist on type '{ appName: string; login: string; signup: string; logout: string; about: string; terms: string; privacy: string; contact: string; copyright: string; properties: string; lenders: string; contractors: string; ... 673 more ...; messageSent: string; }'.
components/organisms/settings/account-security-form.tsx(141,34): error TS2339: Property 'currentSessionDesc' does not exist on type '{ appName: string; login: string; signup: string; logout: string; about: string; terms: string; privacy: string; contact: string; copyright: string; properties: string; lenders: string; contractors: string; ... 673 more ...; messageSent: string; } | { ...; }'.
  Property 'currentSessionDesc' does not exist on type '{ appName: string; login: string; signup: string; logout: string; about: string; terms: string; privacy: string; contact: string; copyright: string; properties: string; lenders: string; contractors: string; ... 673 more ...; messageSent: string; }'.
components/organisms/settings/account-security-form.tsx(146,18): error TS2339: Property 'logoutAllDevices' does not exist on type '{ appName: string; login: string; signup: string; logout: string; about: string; terms: string; privacy: string; contact: string; copyright: string; properties: string; lenders: string; contractors: string; ... 673 more ...; messageSent: string; } | { ...; }'.
  Property 'logoutAllDevices' does not exist on type '{ appName: string; login: string; signup: string; logout: string; about: string; terms: string; privacy: string; contact: string; copyright: string; properties: string; lenders: string; contractors: string; ... 673 more ...; messageSent: string; }'.
components/organisms/settings/billing-settings.tsx(45,14): error TS2551: Property 'billingPreferences' does not exist on type '{ appName: string; login: string; signup: string; logout: string; about: string; terms: string; privacy: string; contact: string; copyright: string; properties: string; lenders: string; contractors: string; ... 673 more ...; messageSent: string; } | { ...; }'. Did you mean 'lendingPreferences'?
  Property 'billingPreferences' does not exist on type '{ appName: string; login: string; signup: string; logout: string; about: string; terms: string; privacy: string; contact: string; copyright: string; properties: string; lenders: string; contractors: string; ... 673 more ...; messageSent: string; }'.
components/organisms/settings/billing-settings.tsx(55,16): error TS2339: Property 'currentPlan' does not exist on type '{ appName: string; login: string; signup: string; logout: string; about: string; terms: string; privacy: string; contact: string; copyright: string; properties: string; lenders: string; contractors: string; ... 673 more ...; messageSent: string; } | { ...; }'.
  Property 'currentPlan' does not exist on type '{ appName: string; login: string; signup: string; logout: string; about: string; terms: string; privacy: string; contact: string; copyright: string; properties: string; lenders: string; contractors: string; ... 673 more ...; messageSent: string; }'.
components/organisms/settings/billing-settings.tsx(61,29): error TS7053: Element implicitly has an 'any' type because expression of type 'string' can't be used to index type '{ appName: string; login: string; signup: string; logout: string; about: string; terms: string; privacy: string; contact: string; copyright: string; properties: string; lenders: string; contractors: string; ... 673 more ...; messageSent: string; } | { ...; }'.
  No index signature with a parameter of type 'string' was found on type '{ appName: string; login: string; signup: string; logout: string; about: string; terms: string; privacy: string; contact: string; copyright: string; properties: string; lenders: string; contractors: string; ... 673 more ...; messageSent: string; } | { ...; }'.
components/organisms/settings/billing-settings.tsx(62,55): error TS2339: Property 'active' does not exist on type '{ appName: string; login: string; signup: string; logout: string; about: string; terms: string; privacy: string; contact: string; copyright: string; properties: string; lenders: string; contractors: string; ... 673 more ...; messageSent: string; } | { ...; }'.
  Property 'active' does not exist on type '{ appName: string; login: string; signup: string; logout: string; about: string; terms: string; privacy: string; contact: string; copyright: string; properties: string; lenders: string; contractors: string; ... 673 more ...; messageSent: string; }'.
components/organisms/settings/billing-settings.tsx(65,38): error TS7053: Element implicitly has an 'any' type because expression of type 'string' can't be used to index type '{ appName: string; login: string; signup: string; logout: string; about: string; terms: string; privacy: string; contact: string; copyright: string; properties: string; lenders: string; contractors: string; ... 673 more ...; messageSent: string; } | { ...; }'.
  No index signature with a parameter of type 'string' was found on type '{ appName: string; login: string; signup: string; logout: string; about: string; terms: string; privacy: string; contact: string; copyright: string; properties: string; lenders: string; contractors: string; ... 673 more ...; messageSent: string; } | { ...; }'.
components/organisms/settings/billing-settings.tsx(73,48): error TS7053: Element implicitly has an 'any' type because expression of type 'string' can't be used to index type '{ appName: string; login: string; signup: string; logout: string; about: string; terms: string; privacy: string; contact: string; copyright: string; properties: string; lenders: string; contractors: string; ... 673 more ...; messageSent: string; } | { ...; }'.
  No index signature with a parameter of type 'string' was found on type '{ appName: string; login: string; signup: string; logout: string; about: string; terms: string; privacy: string; contact: string; copyright: string; properties: string; lenders: string; contractors: string; ... 673 more ...; messageSent: string; } | { ...; }'.
components/organisms/settings/billing-settings.tsx(80,22): error TS2339: Property 'nextBillingOn' does not exist on type '{ appName: string; login: string; signup: string; logout: string; about: string; terms: string; privacy: string; contact: string; copyright: string; properties: string; lenders: string; contractors: string; ... 673 more ...; messageSent: string; } | { ...; }'.
  Property 'nextBillingOn' does not exist on type '{ appName: string; login: string; signup: string; logout: string; about: string; terms: string; privacy: string; contact: string; copyright: string; properties: string; lenders: string; contractors: string; ... 673 more ...; messageSent: string; }'.
components/organisms/settings/billing-settings.tsx(86,20): error TS2339: Property 'changePlan' does not exist on type '{ appName: string; login: string; signup: string; logout: string; about: string; terms: string; privacy: string; contact: string; copyright: string; properties: string; lenders: string; contractors: string; ... 673 more ...; messageSent: string; } | { ...; }'.
  Property 'changePlan' does not exist on type '{ appName: string; login: string; signup: string; logout: string; about: string; terms: string; privacy: string; contact: string; copyright: string; properties: string; lenders: string; contractors: string; ... 673 more ...; messageSent: string; }'.
components/organisms/settings/billing-settings.tsx(98,16): error TS2339: Property 'paymentMethods' does not exist on type '{ appName: string; login: string; signup: string; logout: string; about: string; terms: string; privacy: string; contact: string; copyright: string; properties: string; lenders: string; contractors: string; ... 673 more ...; messageSent: string; } | { ...; }'.
  Property 'paymentMethods' does not exist on type '{ appName: string; login: string; signup: string; logout: string; about: string; terms: string; privacy: string; contact: string; copyright: string; properties: string; lenders: string; contractors: string; ... 673 more ...; messageSent: string; }'.
components/organisms/settings/billing-settings.tsx(115,34): error TS2339: Property 'default' does not exist on type '{ appName: string; login: string; signup: string; logout: string; about: string; terms: string; privacy: string; contact: string; copyright: string; properties: string; lenders: string; contractors: string; ... 673 more ...; messageSent: string; } | { ...; }'.
  Property 'default' does not exist on type '{ appName: string; login: string; signup: string; logout: string; about: string; terms: string; privacy: string; contact: string; copyright: string; properties: string; lenders: string; contractors: string; ... 673 more ...; messageSent: string; }'.
components/organisms/settings/billing-settings.tsx(120,30): error TS2339: Property 'expires' does not exist on type '{ appName: string; login: string; signup: string; logout: string; about: string; terms: string; privacy: string; contact: string; copyright: string; properties: string; lenders: string; contractors: string; ... 673 more ...; messageSent: string; } | { ...; }'.
  Property 'expires' does not exist on type '{ appName: string; login: string; signup: string; logout: string; about: string; terms: string; privacy: string; contact: string; copyright: string; properties: string; lenders: string; contractors: string; ... 673 more ...; messageSent: string; }'.
components/organisms/settings/billing-settings.tsx(125,26): error TS2339: Property 'edit' does not exist on type '{ appName: string; login: string; signup: string; logout: string; about: string; terms: string; privacy: string; contact: string; copyright: string; properties: string; lenders: string; contractors: string; ... 673 more ...; messageSent: string; } | { ...; }'.
  Property 'edit' does not exist on type '{ appName: string; login: string; signup: string; logout: string; about: string; terms: string; privacy: string; contact: string; copyright: string; properties: string; lenders: string; contractors: string; ... 673 more ...; messageSent: string; }'.
components/organisms/settings/billing-settings.tsx(134,18): error TS2339: Property 'addPaymentMethod' does not exist on type '{ appName: string; login: string; signup: string; logout: string; about: string; terms: string; privacy: string; contact: string; copyright: string; properties: string; lenders: string; contractors: string; ... 673 more ...; messageSent: string; } | { ...; }'.
  Property 'addPaymentMethod' does not exist on type '{ appName: string; login: string; signup: string; logout: string; about: string; terms: string; privacy: string; contact: string; copyright: string; properties: string; lenders: string; contractors: string; ... 673 more ...; messageSent: string; }'.
components/organisms/settings/billing-settings.tsx(142,55): error TS2339: Property 'billingHistory' does not exist on type '{ appName: string; login: string; signup: string; logout: string; about: string; terms: string; privacy: string; contact: string; copyright: string; properties: string; lenders: string; contractors: string; ... 673 more ...; messageSent: string; } | { ...; }'.
  Property 'billingHistory' does not exist on type '{ appName: string; login: string; signup: string; logout: string; about: string; terms: string; privacy: string; contact: string; copyright: string; properties: string; lenders: string; contractors: string; ... 673 more ...; messageSent: string; }'.
components/organisms/settings/billing-settings.tsx(146,20): error TS2339: Property 'noBillingHistory' does not exist on type '{ appName: string; login: string; signup: string; logout: string; about: string; terms: string; privacy: string; contact: string; copyright: string; properties: string; lenders: string; contractors: string; ... 673 more ...; messageSent: string; } | { ...; }'.
  Property 'noBillingHistory' does not exist on type '{ appName: string; login: string; signup: string; logout: string; about: string; terms: string; privacy: string; contact: string; copyright: string; properties: string; lenders: string; contractors: string; ... 673 more ...; messageSent: string; }'.
components/organisms/settings/language-settings.tsx(38,14): error TS2339: Property 'languagePreferences' does not exist on type '{ appName: string; login: string; signup: string; logout: string; about: string; terms: string; privacy: string; contact: string; copyright: string; properties: string; lenders: string; contractors: string; ... 673 more ...; messageSent: string; } | { ...; }'.
  Property 'languagePreferences' does not exist on type '{ appName: string; login: string; signup: string; logout: string; about: string; terms: string; privacy: string; contact: string; copyright: string; properties: string; lenders: string; contractors: string; ... 673 more ...; messageSent: string; }'.
components/organisms/settings/language-settings.tsx(48,52): error TS2339: Property 'selectLanguage' does not exist on type '{ appName: string; login: string; signup: string; logout: string; about: string; terms: string; privacy: string; contact: string; copyright: string; properties: string; lenders: string; contractors: string; ... 673 more ...; messageSent: string; } | { ...; }'.
  Property 'selectLanguage' does not exist on type '{ appName: string; login: string; signup: string; logout: string; about: string; terms: string; privacy: string; contact: string; copyright: string; properties: string; lenders: string; contractors: string; ... 673 more ...; messageSent: string; }'.
components/organisms/settings/language-settings.tsx(51,48): error TS2322: Type 'Dispatch<SetStateAction<"en" | "es">>' is not assignable to type '(value: string) => void'.
  Types of parameters 'value' and 'value' are incompatible.
    Type 'string' is not assignable to type 'SetStateAction<"en" | "es">'.
components/organisms/settings/notification-settings.tsx(60,14): error TS2339: Property 'notificationPreferences' does not exist on type '{ appName: string; login: string; signup: string; logout: string; about: string; terms: string; privacy: string; contact: string; copyright: string; properties: string; lenders: string; contractors: string; ... 673 more ...; messageSent: string; } | { ...; }'.
  Property 'notificationPreferences' does not exist on type '{ appName: string; login: string; signup: string; logout: string; about: string; terms: string; privacy: string; contact: string; copyright: string; properties: string; lenders: string; contractors: string; ... 673 more ...; messageSent: string; }'.
components/organisms/settings/notification-settings.tsx(71,18): error TS2551: Property 'emailNotifications' does not exist on type '{ appName: string; login: string; signup: string; logout: string; about: string; terms: string; privacy: string; contact: string; copyright: string; properties: string; lenders: string; contractors: string; ... 673 more ...; messageSent: string; } | { ...; }'. Did you mean 'notifications'?
  Property 'emailNotifications' does not exist on type '{ appName: string; login: string; signup: string; logout: string; about: string; terms: string; privacy: string; contact: string; copyright: string; properties: string; lenders: string; contractors: string; ... 673 more ...; messageSent: string; }'.
components/organisms/settings/notification-settings.tsx(79,24): error TS2551: Property 'propertyUpdates' does not exist on type '{ appName: string; login: string; signup: string; logout: string; about: string; terms: string; privacy: string; contact: string; copyright: string; properties: string; lenders: string; contractors: string; ... 673 more ...; messageSent: string; } | { ...; }'. Did you mean 'propertyAge'?
  Property 'propertyUpdates' does not exist on type '{ appName: string; login: string; signup: string; logout: string; about: string; terms: string; privacy: string; contact: string; copyright: string; properties: string; lenders: string; contractors: string; ... 673 more ...; messageSent: string; }'.
components/organisms/settings/notification-settings.tsx(82,24): error TS2339: Property 'propertyUpdatesDesc' does not exist on type '{ appName: string; login: string; signup: string; logout: string; about: string; terms: string; privacy: string; contact: string; copyright: string; properties: string; lenders: string; contractors: string; ... 673 more ...; messageSent: string; } | { ...; }'.
  Property 'propertyUpdatesDesc' does not exist on type '{ appName: string; login: string; signup: string; logout: string; about: string; terms: string; privacy: string; contact: string; copyright: string; properties: string; lenders: string; contractors: string; ... 673 more ...; messageSent: string; }'.
components/organisms/settings/notification-settings.tsx(88,33): error TS2551: Property 'propertyUpdates' does not exist on type '{ appName: string; login: string; signup: string; logout: string; about: string; terms: string; privacy: string; contact: string; copyright: string; properties: string; lenders: string; contractors: string; ... 673 more ...; messageSent: string; } | { ...; }'. Did you mean 'propertyAge'?
  Property 'propertyUpdates' does not exist on type '{ appName: string; login: string; signup: string; logout: string; about: string; terms: string; privacy: string; contact: string; copyright: string; properties: string; lenders: string; contractors: string; ... 673 more ...; messageSent: string; }'.
components/organisms/settings/notification-settings.tsx(96,24): error TS2551: Property 'newMessages' does not exist on type '{ appName: string; login: string; signup: string; logout: string; about: string; terms: string; privacy: string; contact: string; copyright: string; properties: string; lenders: string; contractors: string; ... 673 more ...; messageSent: string; } | { ...; }'. Did you mean 'messages'?
  Property 'newMessages' does not exist on type '{ appName: string; login: string; signup: string; logout: string; about: string; terms: string; privacy: string; contact: string; copyright: string; properties: string; lenders: string; contractors: string; ... 673 more ...; messageSent: string; }'.
components/organisms/settings/notification-settings.tsx(99,24): error TS2339: Property 'newMessagesDesc' does not exist on type '{ appName: string; login: string; signup: string; logout: string; about: string; terms: string; privacy: string; contact: string; copyright: string; properties: string; lenders: string; contractors: string; ... 673 more ...; messageSent: string; } | { ...; }'.
  Property 'newMessagesDesc' does not exist on type '{ appName: string; login: string; signup: string; logout: string; about: string; terms: string; privacy: string; contact: string; copyright: string; properties: string; lenders: string; contractors: string; ... 673 more ...; messageSent: string; }'.
components/organisms/settings/notification-settings.tsx(105,33): error TS2551: Property 'newMessages' does not exist on type '{ appName: string; login: string; signup: string; logout: string; about: string; terms: string; privacy: string; contact: string; copyright: string; properties: string; lenders: string; contractors: string; ... 673 more ...; messageSent: string; } | { ...; }'. Did you mean 'messages'?
  Property 'newMessages' does not exist on type '{ appName: string; login: string; signup: string; logout: string; about: string; terms: string; privacy: string; contact: string; copyright: string; properties: string; lenders: string; contractors: string; ... 673 more ...; messageSent: string; }'.
components/organisms/settings/notification-settings.tsx(113,24): error TS2339: Property 'marketingEmails' does not exist on type '{ appName: string; login: string; signup: string; logout: string; about: string; terms: string; privacy: string; contact: string; copyright: string; properties: string; lenders: string; contractors: string; ... 673 more ...; messageSent: string; } | { ...; }'.
  Property 'marketingEmails' does not exist on type '{ appName: string; login: string; signup: string; logout: string; about: string; terms: string; privacy: string; contact: string; copyright: string; properties: string; lenders: string; contractors: string; ... 673 more ...; messageSent: string; }'.
components/organisms/settings/notification-settings.tsx(116,24): error TS2339: Property 'marketingEmailsDesc' does not exist on type '{ appName: string; login: string; signup: string; logout: string; about: string; terms: string; privacy: string; contact: string; copyright: string; properties: string; lenders: string; contractors: string; ... 673 more ...; messageSent: string; } | { ...; }'.
  Property 'marketingEmailsDesc' does not exist on type '{ appName: string; login: string; signup: string; logout: string; about: string; terms: string; privacy: string; contact: string; copyright: string; properties: string; lenders: string; contractors: string; ... 673 more ...; messageSent: string; }'.
components/organisms/settings/notification-settings.tsx(122,33): error TS2339: Property 'marketingEmails' does not exist on type '{ appName: string; login: string; signup: string; logout: string; about: string; terms: string; privacy: string; contact: string; copyright: string; properties: string; lenders: string; contractors: string; ... 673 more ...; messageSent: string; } | { ...; }'.
  Property 'marketingEmails' does not exist on type '{ appName: string; login: string; signup: string; logout: string; about: string; terms: string; privacy: string; contact: string; copyright: string; properties: string; lenders: string; contractors: string; ... 673 more ...; messageSent: string; }'.
components/organisms/settings/notification-settings.tsx(130,24): error TS2339: Property 'paymentNotifications' does not exist on type '{ appName: string; login: string; signup: string; logout: string; about: string; terms: string; privacy: string; contact: string; copyright: string; properties: string; lenders: string; contractors: string; ... 673 more ...; messageSent: string; } | { ...; }'.
  Property 'paymentNotifications' does not exist on type '{ appName: string; login: string; signup: string; logout: string; about: string; terms: string; privacy: string; contact: string; copyright: string; properties: string; lenders: string; contractors: string; ... 673 more ...; messageSent: string; }'.
components/organisms/settings/notification-settings.tsx(133,24): error TS2339: Property 'paymentNotificationsDesc' does not exist on type '{ appName: string; login: string; signup: string; logout: string; about: string; terms: string; privacy: string; contact: string; copyright: string; properties: string; lenders: string; contractors: string; ... 673 more ...; messageSent: string; } | { ...; }'.
  Property 'paymentNotificationsDesc' does not exist on type '{ appName: string; login: string; signup: string; logout: string; about: string; terms: string; privacy: string; contact: string; copyright: string; properties: string; lenders: string; contractors: string; ... 673 more ...; messageSent: string; }'.
components/organisms/settings/notification-settings.tsx(139,33): error TS2339: Property 'paymentNotifications' does not exist on type '{ appName: string; login: string; signup: string; logout: string; about: string; terms: string; privacy: string; contact: string; copyright: string; properties: string; lenders: string; contractors: string; ... 673 more ...; messageSent: string; } | { ...; }'.
  Property 'paymentNotifications' does not exist on type '{ appName: string; login: string; signup: string; logout: string; about: string; terms: string; privacy: string; contact: string; copyright: string; properties: string; lenders: string; contractors: string; ... 673 more ...; messageSent: string; }'.
components/organisms/settings/notification-settings.tsx(150,18): error TS2551: Property 'pushNotifications' does not exist on type '{ appName: string; login: string; signup: string; logout: string; about: string; terms: string; privacy: string; contact: string; copyright: string; properties: string; lenders: string; contractors: string; ... 673 more ...; messageSent: string; } | { ...; }'. Did you mean 'notifications'?
  Property 'pushNotifications' does not exist on type '{ appName: string; login: string; signup: string; logout: string; about: string; terms: string; privacy: string; contact: string; copyright: string; properties: string; lenders: string; contractors: string; ... 673 more ...; messageSent: string; }'.
components/organisms/settings/notification-settings.tsx(158,24): error TS2551: Property 'propertyUpdates' does not exist on type '{ appName: string; login: string; signup: string; logout: string; about: string; terms: string; privacy: string; contact: string; copyright: string; properties: string; lenders: string; contractors: string; ... 673 more ...; messageSent: string; } | { ...; }'. Did you mean 'propertyAge'?
  Property 'propertyUpdates' does not exist on type '{ appName: string; login: string; signup: string; logout: string; about: string; terms: string; privacy: string; contact: string; copyright: string; properties: string; lenders: string; contractors: string; ... 673 more ...; messageSent: string; }'.
components/organisms/settings/notification-settings.tsx(161,24): error TS2339: Property 'propertyUpdatesDesc' does not exist on type '{ appName: string; login: string; signup: string; logout: string; about: string; terms: string; privacy: string; contact: string; copyright: string; properties: string; lenders: string; contractors: string; ... 673 more ...; messageSent: string; } | { ...; }'.
  Property 'propertyUpdatesDesc' does not exist on type '{ appName: string; login: string; signup: string; logout: string; about: string; terms: string; privacy: string; contact: string; copyright: string; properties: string; lenders: string; contractors: string; ... 673 more ...; messageSent: string; }'.
components/organisms/settings/notification-settings.tsx(167,33): error TS2551: Property 'propertyUpdates' does not exist on type '{ appName: string; login: string; signup: string; logout: string; about: string; terms: string; privacy: string; contact: string; copyright: string; properties: string; lenders: string; contractors: string; ... 673 more ...; messageSent: string; } | { ...; }'. Did you mean 'propertyAge'?
  Property 'propertyUpdates' does not exist on type '{ appName: string; login: string; signup: string; logout: string; about: string; terms: string; privacy: string; contact: string; copyright: string; properties: string; lenders: string; contractors: string; ... 673 more ...; messageSent: string; }'.
components/organisms/settings/notification-settings.tsx(175,24): error TS2551: Property 'newMessages' does not exist on type '{ appName: string; login: string; signup: string; logout: string; about: string; terms: string; privacy: string; contact: string; copyright: string; properties: string; lenders: string; contractors: string; ... 673 more ...; messageSent: string; } | { ...; }'. Did you mean 'messages'?
  Property 'newMessages' does not exist on type '{ appName: string; login: string; signup: string; logout: string; about: string; terms: string; privacy: string; contact: string; copyright: string; properties: string; lenders: string; contractors: string; ... 673 more ...; messageSent: string; }'.
components/organisms/settings/notification-settings.tsx(178,24): error TS2339: Property 'newMessagesDesc' does not exist on type '{ appName: string; login: string; signup: string; logout: string; about: string; terms: string; privacy: string; contact: string; copyright: string; properties: string; lenders: string; contractors: string; ... 673 more ...; messageSent: string; } | { ...; }'.
  Property 'newMessagesDesc' does not exist on type '{ appName: string; login: string; signup: string; logout: string; about: string; terms: string; privacy: string; contact: string; copyright: string; properties: string; lenders: string; contractors: string; ... 673 more ...; messageSent: string; }'.
components/organisms/settings/notification-settings.tsx(184,33): error TS2551: Property 'newMessages' does not exist on type '{ appName: string; login: string; signup: string; logout: string; about: string; terms: string; privacy: string; contact: string; copyright: string; properties: string; lenders: string; contractors: string; ... 673 more ...; messageSent: string; } | { ...; }'. Did you mean 'messages'?
  Property 'newMessages' does not exist on type '{ appName: string; login: string; signup: string; logout: string; about: string; terms: string; privacy: string; contact: string; copyright: string; properties: string; lenders: string; contractors: string; ... 673 more ...; messageSent: string; }'.
components/organisms/settings/notification-settings.tsx(192,24): error TS2339: Property 'marketingAlerts' does not exist on type '{ appName: string; login: string; signup: string; logout: string; about: string; terms: string; privacy: string; contact: string; copyright: string; properties: string; lenders: string; contractors: string; ... 673 more ...; messageSent: string; } | { ...; }'.
  Property 'marketingAlerts' does not exist on type '{ appName: string; login: string; signup: string; logout: string; about: string; terms: string; privacy: string; contact: string; copyright: string; properties: string; lenders: string; contractors: string; ... 673 more ...; messageSent: string; }'.
components/organisms/settings/notification-settings.tsx(195,24): error TS2339: Property 'marketingAlertsDesc' does not exist on type '{ appName: string; login: string; signup: string; logout: string; about: string; terms: string; privacy: string; contact: string; copyright: string; properties: string; lenders: string; contractors: string; ... 673 more ...; messageSent: string; } | { ...; }'.
  Property 'marketingAlertsDesc' does not exist on type '{ appName: string; login: string; signup: string; logout: string; about: string; terms: string; privacy: string; contact: string; copyright: string; properties: string; lenders: string; contractors: string; ... 673 more ...; messageSent: string; }'.
components/organisms/settings/notification-settings.tsx(201,33): error TS2339: Property 'marketingAlerts' does not exist on type '{ appName: string; login: string; signup: string; logout: string; about: string; terms: string; privacy: string; contact: string; copyright: string; properties: string; lenders: string; contractors: string; ... 673 more ...; messageSent: string; } | { ...; }'.
  Property 'marketingAlerts' does not exist on type '{ appName: string; login: string; signup: string; logout: string; about: string; terms: string; privacy: string; contact: string; copyright: string; properties: string; lenders: string; contractors: string; ... 673 more ...; messageSent: string; }'.
components/organisms/settings/notification-settings.tsx(209,24): error TS2339: Property 'paymentNotifications' does not exist on type '{ appName: string; login: string; signup: string; logout: string; about: string; terms: string; privacy: string; contact: string; copyright: string; properties: string; lenders: string; contractors: string; ... 673 more ...; messageSent: string; } | { ...; }'.
  Property 'paymentNotifications' does not exist on type '{ appName: string; login: string; signup: string; logout: string; about: string; terms: string; privacy: string; contact: string; copyright: string; properties: string; lenders: string; contractors: string; ... 673 more ...; messageSent: string; }'.
components/organisms/settings/notification-settings.tsx(212,24): error TS2339: Property 'paymentNotificationsDesc' does not exist on type '{ appName: string; login: string; signup: string; logout: string; about: string; terms: string; privacy: string; contact: string; copyright: string; properties: string; lenders: string; contractors: string; ... 673 more ...; messageSent: string; } | { ...; }'.
  Property 'paymentNotificationsDesc' does not exist on type '{ appName: string; login: string; signup: string; logout: string; about: string; terms: string; privacy: string; contact: string; copyright: string; properties: string; lenders: string; contractors: string; ... 673 more ...; messageSent: string; }'.
components/organisms/settings/notification-settings.tsx(218,33): error TS2339: Property 'paymentNotifications' does not exist on type '{ appName: string; login: string; signup: string; logout: string; about: string; terms: string; privacy: string; contact: string; copyright: string; properties: string; lenders: string; contractors: string; ... 673 more ...; messageSent: string; } | { ...; }'.
  Property 'paymentNotifications' does not exist on type '{ appName: string; login: string; signup: string; logout: string; about: string; terms: string; privacy: string; contact: string; copyright: string; properties: string; lenders: string; contractors: string; ... 673 more ...; messageSent: string; }'.
components/organisms/settings/personal-info-form.tsx(23,18): error TS2339: Property 'phone' does not exist on type 'User'.
components/organisms/settings/personal-info-form.tsx(24,20): error TS2339: Property 'company' does not exist on type 'User'.
components/organisms/settings/personal-info-form.tsx(25,21): error TS2339: Property 'jobTitle' does not exist on type 'User'.
components/organisms/settings/personal-info-form.tsx(58,14): error TS2339: Property 'updateYourPersonalInfo' does not exist on type '{ appName: string; login: string; signup: string; logout: string; about: string; terms: string; privacy: string; contact: string; copyright: string; properties: string; lenders: string; contractors: string; ... 673 more ...; messageSent: string; } | { ...; }'.
  Property 'updateYourPersonalInfo' does not exist on type '{ appName: string; login: string; signup: string; logout: string; about: string; terms: string; privacy: string; contact: string; copyright: string; properties: string; lenders: string; contractors: string; ... 673 more ...; messageSent: string; }'.
components/organisms/settings/personal-info-form.tsx(67,37): error TS2339: Property 'avatarUrl' does not exist on type 'User'.
components/organisms/settings/personal-info-form.tsx(74,16): error TS2339: Property 'changePhoto' does not exist on type '{ appName: string; login: string; signup: string; logout: string; about: string; terms: string; privacy: string; contact: string; copyright: string; properties: string; lenders: string; contractors: string; ... 673 more ...; messageSent: string; } | { ...; }'.
  Property 'changePhoto' does not exist on type '{ appName: string; login: string; signup: string; logout: string; about: string; terms: string; privacy: string; contact: string; copyright: string; properties: string; lenders: string; contractors: string; ... 673 more ...; messageSent: string; }'.
translations/en.ts(786,3): error TS1117: An object literal cannot have multiple properties with the same name.
translations/en.ts(787,3): error TS1117: An object literal cannot have multiple properties with the same name.
translations/es.ts(372,3): error TS1117: An object literal cannot have multiple properties with the same name.
translations/es.ts(660,3): error TS1117: An object literal cannot have multiple properties with the same name.
translations/es.ts(666,3): error TS1117: An object literal cannot have multiple properties with the same name.
translations/es.ts(684,3): error TS1117: An object literal cannot have multiple properties with the same name.
